// Jest Snapshot v1, https://goo.gl/fbAQLP

exports[`Test Color Legend snapshot test 1`] = `
<div
  style="position: absolute; display: flex; right: 5px; top: 10px; z-index: 999;"
/>
`;
