// Jest Snapshot v1, https://goo.gl/fbAQLP

exports[`Test Info Card snapshot test when property value provided 1`] = `
.c1 {
  display: grid;
  grid-gap: 8px;
  grid-auto-flow: column;
  -webkit-align-items: center;
  -webkit-box-align: center;
  -ms-flex-align: center;
  align-items: center;
  height: 100%;
}

.c0 {
  margin: 0;
  padding: 0;
  background: transparent;
  height: 36px;
  padding-left: 16px;
  padding-right: 16px;
  border: 1px solid transparent;
  border-radius: 4px;
  margin: 0;
  color: var(--eds_interactive_primary__resting,rgba(0,112,121,1));
  font-family: Equinor;
  font-size: 0.875rem;
  font-weight: 500;
  line-height: 1.143em;
  text-align: center;
  -webkit-text-decoration: none;
  text-decoration: none;
  position: relative;
  cursor: pointer;
  display: inline-block;
}

.c0 svg {
  justify-self: center;
}

.c0::after {
  position: absolute;
  top: -6px;
  left: -0;
  width: 100%;
  height: 48px;
  content: '';
}

.c0:hover {
  background: var(--eds_interactive_primary__hover_alt,rgba(222,237,238,1));
  color: var(--eds_interactive_primary__hover,rgba(0,79,85,1));
  border: 1px solid transparent;
  border-radius: 4px;
}

.c0:focus {
  outline: none;
}

.c0[data-focus-visible-added]:focus {
  outline: 1px dashed rgba(0,112,121,1);
  outline-offset: 2px;
}

.c0::-moz-focus-inner {
  border: 0;
}

.c0:disabled {
  cursor: not-allowed;
  background: transparent;
  border: 1px solid transparent;
  margin: 0;
  color: var(--eds_interactive__disabled__text,rgba(190,190,190,1));
  font-family: Equinor;
  font-size: 0.875rem;
  font-weight: 500;
  line-height: 1.143em;
  text-align: center;
}

.c0:disabled:hover {
  background: transparent;
}

.c0::before {
  position: absolute;
  top: 0;
  left: 0;
  width: auto;
  min-height: auto;
  content: '';
}

<div
  class="MuiTableContainer-root"
>
  <table
    aria-label="info-card"
    class="MuiTable-root makeStyles-table-10"
  >
    <tbody
      class="MuiTableBody-root"
    >
      <tr
        class="MuiTableRow-root makeStyles-table_row-12"
      >
        <td
          class="MuiTableCell-root MuiTableCell-body makeStyles-icon_style-11"
        >
          <button
            class="c0"
            style="padding: 0px;"
            tabindex="0"
            type="button"
          >
            <span
              class="c1"
            >
              <svg
                aria-hidden="true"
                class=""
                fill="currentColor"
                height="24px"
                viewBox="0 0 24 24"
                width="24px"
                xmlns="http://www.w3.org/2000/svg"
              >
                <path
                  class=""
                  clip-rule="evenodd"
                  d="m7 14.5 5-5 5 5H7z"
                  data-testid="eds-icon-path"
                  fill-rule="evenodd"
                  height="24"
                />
              </svg>
            </span>
          </button>
        </td>
        <td
          class="MuiTableCell-root MuiTableCell-body"
        >
           
          Position
           
        </td>
      </tr>
      <tr
        class="MuiTableRow-root makeStyles-table_row-12"
      >
        <td
          class="MuiTableCell-root MuiTableCell-body"
          colspan="2"
          style="padding-bottom: 0px; padding-top: 0px;"
        >
          <div
            class="MuiCollapse-root MuiCollapse-entered"
            style="min-height: 0px;"
          >
            <div
              class="MuiCollapse-wrapper"
            >
              <div
                class="MuiCollapse-wrapperInner"
              >
                <table
                  aria-label="properties"
                  class="MuiTable-root"
                >
                  <tbody
                    class="MuiTableBody-root"
                  >
                    <tr
                      class="MuiTableRow-root makeStyles-table_row-12"
                    >
                      <td
                        class="MuiTableCell-root MuiTableCell-body MuiTableCell-sizeSmall"
                        style="padding-left: 10px; padding-right: 10px;"
                      >
                        x
                      </td>
                      <td
                        class="MuiTableCell-root MuiTableCell-body MuiTableCell-sizeSmall"
                        style="text-align: right;"
                      >
                        111.00 m
                      </td>
                    </tr>
                    <tr
                      class="MuiTableRow-root makeStyles-table_row-12"
                    >
                      <td
                        class="MuiTableCell-root MuiTableCell-body MuiTableCell-sizeSmall"
                        style="padding-left: 10px; padding-right: 10px;"
                      >
                        y
                      </td>
                      <td
                        class="MuiTableCell-root MuiTableCell-body MuiTableCell-sizeSmall"
                        style="text-align: right;"
                      >
                        222.00 m
                      </td>
                    </tr>
                    <tr
                      class="MuiTableRow-root makeStyles-table_row-12"
                    >
                      <td
                        class="MuiTableCell-root MuiTableCell-body MuiTableCell-sizeSmall"
                        style="padding-left: 10px; padding-right: 10px;"
                      >
                        Hill shading
                      </td>
                      <td
                        class="MuiTableCell-root MuiTableCell-body MuiTableCell-sizeSmall"
                        style="text-align: right;"
                      >
                        3152.02
                      </td>
                    </tr>
                  </tbody>
                </table>
              </div>
            </div>
          </div>
        </td>
      </tr>
      <tr
        class="MuiTableRow-root makeStyles-table_row-12"
      >
        <td
          class="MuiTableCell-root MuiTableCell-body makeStyles-icon_style-11"
        >
          <button
            class="c0"
            style="padding: 0px;"
            tabindex="0"
            type="button"
          >
            <span
              class="c1"
            >
              <svg
                aria-hidden="true"
                class=""
                fill="currentColor"
                height="24px"
                viewBox="0 0 24 24"
                width="24px"
                xmlns="http://www.w3.org/2000/svg"
              >
                <path
                  class=""
                  clip-rule="evenodd"
                  d="m7 14.5 5-5 5 5H7z"
                  data-testid="eds-icon-path"
                  fill-rule="evenodd"
                  height="24"
                />
              </svg>
            </span>
          </button>
        </td>
        <td
          class="MuiTableCell-root MuiTableCell-body"
        >
           
          Wells layer
           
        </td>
      </tr>
      <tr
        class="MuiTableRow-root makeStyles-table_row-12"
      >
        <td
          class="MuiTableCell-root MuiTableCell-body"
          colspan="2"
          style="padding-bottom: 0px; padding-top: 0px;"
        >
          <div
            class="MuiCollapse-root MuiCollapse-entered"
            style="min-height: 0px;"
          >
            <div
              class="MuiCollapse-wrapper"
            >
              <div
                class="MuiCollapse-wrapperInner"
              >
                <table
                  aria-label="properties"
                  class="MuiTable-root"
                >
                  <tbody
                    class="MuiTableBody-root"
                  >
                    <tr
                      class="MuiTableRow-root makeStyles-table_row-12"
                    >
                      <td
                        class="MuiTableCell-root MuiTableCell-body MuiTableCell-sizeSmall"
                        style="padding-left: 10px; padding-right: 10px;"
                      >
                        Poro
                      </td>
                      <td
                        class="MuiTableCell-root MuiTableCell-body MuiTableCell-sizeSmall"
                        style="text-align: right;"
                      >
                        123
                      </td>
                    </tr>
                    <tr
                      class="MuiTableRow-root makeStyles-table_row-12"
                    >
                      <td
                        class="MuiTableCell-root MuiTableCell-body MuiTableCell-sizeSmall"
                        style="padding-left: 10px; padding-right: 10px;"
                      >
                        Perm
                      </td>
                      <td
                        class="MuiTableCell-root MuiTableCell-body MuiTableCell-sizeSmall"
                        style="text-align: right;"
                      >
                        456
                      </td>
                    </tr>
                  </tbody>
                </table>
              </div>
            </div>
          </div>
        </td>
      </tr>
    </tbody>
  </table>
</div>
`;

exports[`Test Info Card snapshot test with no props 1`] = `
.c1 {
  display: grid;
  grid-gap: 8px;
  grid-auto-flow: column;
  -webkit-align-items: center;
  -webkit-box-align: center;
  -ms-flex-align: center;
  align-items: center;
  height: 100%;
}

.c0 {
  margin: 0;
  padding: 0;
  background: transparent;
  height: 36px;
  padding-left: 16px;
  padding-right: 16px;
  border: 1px solid transparent;
  border-radius: 4px;
  margin: 0;
  color: var(--eds_interactive_primary__resting,rgba(0,112,121,1));
  font-family: Equinor;
  font-size: 0.875rem;
  font-weight: 500;
  line-height: 1.143em;
  text-align: center;
  -webkit-text-decoration: none;
  text-decoration: none;
  position: relative;
  cursor: pointer;
  display: inline-block;
}

.c0 svg {
  justify-self: center;
}

.c0::after {
  position: absolute;
  top: -6px;
  left: -0;
  width: 100%;
  height: 48px;
  content: '';
}

.c0:hover {
  background: var(--eds_interactive_primary__hover_alt,rgba(222,237,238,1));
  color: var(--eds_interactive_primary__hover,rgba(0,79,85,1));
  border: 1px solid transparent;
  border-radius: 4px;
}

.c0:focus {
  outline: none;
}

.c0[data-focus-visible-added]:focus {
  outline: 1px dashed rgba(0,112,121,1);
  outline-offset: 2px;
}

.c0::-moz-focus-inner {
  border: 0;
}

.c0:disabled {
  cursor: not-allowed;
  background: transparent;
  border: 1px solid transparent;
  margin: 0;
  color: var(--eds_interactive__disabled__text,rgba(190,190,190,1));
  font-family: Equinor;
  font-size: 0.875rem;
  font-weight: 500;
  line-height: 1.143em;
  text-align: center;
}

.c0:disabled:hover {
  background: transparent;
}

.c0::before {
  position: absolute;
  top: 0;
  left: 0;
  width: auto;
  min-height: auto;
  content: '';
}

<div
  class="MuiTableContainer-root"
>
  <table
    aria-label="info-card"
    class="MuiTable-root makeStyles-table-1"
  >
    <tbody
      class="MuiTableBody-root"
    >
      <tr
        class="MuiTableRow-root makeStyles-table_row-3"
      >
        <td
          class="MuiTableCell-root MuiTableCell-body makeStyles-icon_style-2"
        >
          <button
            class="c0"
            style="padding: 0px;"
            tabindex="0"
            type="button"
          >
            <span
              class="c1"
            >
              <svg
                aria-hidden="true"
                class=""
                fill="currentColor"
                height="24px"
                viewBox="0 0 24 24"
                width="24px"
                xmlns="http://www.w3.org/2000/svg"
              >
                <path
                  class=""
                  clip-rule="evenodd"
                  d="m7 14.5 5-5 5 5H7z"
                  data-testid="eds-icon-path"
                  fill-rule="evenodd"
                  height="24"
                />
              </svg>
            </span>
          </button>
        </td>
        <td
          class="MuiTableCell-root MuiTableCell-body"
        >
           
          Position
           
        </td>
      </tr>
      <tr
        class="MuiTableRow-root makeStyles-table_row-3"
      >
        <td
          class="MuiTableCell-root MuiTableCell-body"
          colspan="2"
          style="padding-bottom: 0px; padding-top: 0px;"
        >
          <div
            class="MuiCollapse-root MuiCollapse-entered"
            style="min-height: 0px;"
          >
            <div
              class="MuiCollapse-wrapper"
            >
              <div
                class="MuiCollapse-wrapperInner"
              >
                <table
                  aria-label="properties"
                  class="MuiTable-root"
                >
                  <tbody
                    class="MuiTableBody-root"
                  >
                    <tr
                      class="MuiTableRow-root makeStyles-table_row-3"
                    >
                      <td
                        class="MuiTableCell-root MuiTableCell-body MuiTableCell-sizeSmall"
                        style="padding-left: 10px; padding-right: 10px;"
                      >
                        x
                      </td>
                      <td
                        class="MuiTableCell-root MuiTableCell-body MuiTableCell-sizeSmall"
                        style="text-align: right;"
                      >
                        111.00 m
                      </td>
                    </tr>
                    <tr
                      class="MuiTableRow-root makeStyles-table_row-3"
                    >
                      <td
                        class="MuiTableCell-root MuiTableCell-body MuiTableCell-sizeSmall"
                        style="padding-left: 10px; padding-right: 10px;"
                      >
                        y
                      </td>
                      <td
                        class="MuiTableCell-root MuiTableCell-body MuiTableCell-sizeSmall"
                        style="text-align: right;"
                      >
                        222.00 m
                      </td>
                    </tr>
                  </tbody>
                </table>
              </div>
            </div>
          </div>
        </td>
      </tr>
    </tbody>
  </table>
</div>
`;

exports[`Test Info Card undefined coordinates 1`] = `null`;
