// Jest Snapshot v1, https://goo.gl/fbAQLP

exports[`Test Map component snapshot test 1`] = `
.c0 {
  display: inline-block;
  -webkit-transform: rotate(-90deg);
  -ms-transform: rotate(-90deg);
  transform: rotate(-90deg);
}

.c1 {
  position: absolute;
  width: 1px;
  height: 1px;
  padding: 0;
  margin: -1px;
  overflow: hidden;
  -webkit-clip: rect(0,0,0,0);
  clip: rect(0,0,0,0);
  white-space: nowrap;
  border-width: 0;
}

<div>
  <div
    id="DeckGL-Map-wrapper"
    style="position: absolute; z-index: 0; left: 0px; top: 0px; width: 100%; height: 100%;"
  >
    <canvas
      id="DeckGL-Map"
      style="left: 0px; top: 0px; width: 100%; position: absolute; height: 100%;"
    />
  </div>
  <div
    style="position: absolute; left: 10px; top: 10px;"
  >
    <label
      style="left: 10px; top: 10px;"
    >
      3
      km
    </label>
    <div
      style="width: 100px; height: 4px; border: 2px solid; display: inline-block; margin-left: 3px;"
    />
  </div>
  <div
    style="display: flex; align-items: flex-end; justify-content: right; position: absolute; height: 10%; width: 10%; bottom: 10px; right: 10px; z-index: 200;"
  >
    <div>
      <svg
        aria-valuemax="100"
        aria-valuemin="0"
        aria-valuenow="0"
        class="c0"
        height="48"
        preserveAspectRatio="xMidYMid meet"
        role="progressbar"
        viewBox="24 24 48 48"
        width="48"
      >
        <circle
          class=""
          cx="48"
          cy="48"
          fill="none"
          r="22"
          stroke="var(--eds_infographic_primary__moss_green_13, rgba(222, 237, 238, 1))"
          stroke-width="4"
          style="stroke: 138.230; stroke-dashoffset: 138.230px;"
        />
        <circle
          class=""
          cx="48"
          cy="48"
          fill="none"
          r="22"
          stroke="var(--eds_infographic_primary__moss_green_100, rgba(0, 112, 121, 1))"
          stroke-dasharray="138.23007675795088"
          stroke-linecap="round"
          stroke-width="4"
          style="stroke: 138.230; stroke-dashoffset: 138.230px;"
        />
      </svg>
      <output
        class="c1"
      >
        Loading 0%
      </output>
      <br />
      Loading assets...
    </div>
  </div>
</div>
`;

exports[`Test Map component snapshot test with edited data 1`] = `
.c0 {
  display: inline-block;
  -webkit-transform: rotate(-90deg);
  -ms-transform: rotate(-90deg);
  transform: rotate(-90deg);
}

.c1 {
  position: absolute;
  width: 1px;
  height: 1px;
  padding: 0;
  margin: -1px;
  overflow: hidden;
  -webkit-clip: rect(0,0,0,0);
  clip: rect(0,0,0,0);
  white-space: nowrap;
  border-width: 0;
}

<div>
  <div
    id="DeckGL-Map-wrapper"
    style="position: absolute; z-index: 0; left: 0px; top: 0px; width: 100%; height: 100%;"
  >
    <canvas
      id="DeckGL-Map"
      style="left: 0px; top: 0px; width: 100%; position: absolute; height: 100%;"
    />
  </div>
  <div
    style="position: absolute; left: 10px; top: 10px;"
  >
    <label
      style="left: 10px; top: 10px;"
    >
      3
      km
    </label>
    <div
      style="width: 100px; height: 4px; border: 2px solid; display: inline-block; margin-left: 3px;"
    />
  </div>
  <div
    style="display: flex; align-items: flex-end; justify-content: right; position: absolute; height: 10%; width: 10%; bottom: 10px; right: 10px; z-index: 200;"
  >
    <div>
      <svg
        aria-valuemax="100"
        aria-valuemin="0"
        aria-valuenow="0"
        class="c0"
        height="48"
        preserveAspectRatio="xMidYMid meet"
        role="progressbar"
        viewBox="24 24 48 48"
        width="48"
      >
        <circle
          class=""
          cx="48"
          cy="48"
          fill="none"
          r="22"
          stroke="var(--eds_infographic_primary__moss_green_13, rgba(222, 237, 238, 1))"
          stroke-width="4"
          style="stroke: 138.230; stroke-dashoffset: 138.230px;"
        />
        <circle
          class=""
          cx="48"
          cy="48"
          fill="none"
          r="22"
          stroke="var(--eds_infographic_primary__moss_green_100, rgba(0, 112, 121, 1))"
          stroke-dasharray="138.23007675795088"
          stroke-linecap="round"
          stroke-width="4"
          style="stroke: 138.230; stroke-dashoffset: 138.230px;"
        />
      </svg>
      <output
        class="c1"
      >
        Loading 0%
      </output>
      <br />
      Loading assets...
    </div>
  </div>
</div>
`;

exports[`Test Map component snapshot test with invalid array length 1`] = `
.c0 {
  display: inline-block;
  -webkit-transform: rotate(-90deg);
  -ms-transform: rotate(-90deg);
  transform: rotate(-90deg);
}

.c1 {
  position: absolute;
  width: 1px;
  height: 1px;
  padding: 0;
  margin: -1px;
  overflow: hidden;
  -webkit-clip: rect(0,0,0,0);
  clip: rect(0,0,0,0);
  white-space: nowrap;
  border-width: 0;
}

<div>
  <div
    id="DeckGL-Map-wrapper"
    style="position: absolute; z-index: 0; left: 0px; top: 0px; width: 100%; height: 100%;"
  >
    <canvas
      id="DeckGL-Map"
      style="left: 0px; top: 0px; width: 100%; position: absolute; height: 100%;"
    />
  </div>
  <div
    style="position: absolute; left: 10px; top: 10px;"
  >
    <label
      style="left: 10px; top: 10px;"
    >
      3
      km
    </label>
    <div
      style="width: 100px; height: 4px; border: 2px solid; display: inline-block; margin-left: 3px;"
    />
  </div>
  <div
    style="display: flex; align-items: flex-end; justify-content: right; position: absolute; height: 10%; width: 10%; bottom: 10px; right: 10px; z-index: 200;"
  >
    <div>
      <svg
        aria-valuemax="100"
        aria-valuemin="0"
        aria-valuenow="0"
        class="c0"
        height="48"
        preserveAspectRatio="xMidYMid meet"
        role="progressbar"
        viewBox="24 24 48 48"
        width="48"
      >
        <circle
          class=""
          cx="48"
          cy="48"
          fill="none"
          r="22"
          stroke="var(--eds_infographic_primary__moss_green_13, rgba(222, 237, 238, 1))"
          stroke-width="4"
          style="stroke: 138.230; stroke-dashoffset: 138.230px;"
        />
        <circle
          class=""
          cx="48"
          cy="48"
          fill="none"
          r="22"
          stroke="var(--eds_infographic_primary__moss_green_100, rgba(0, 112, 121, 1))"
          stroke-dasharray="138.23007675795088"
          stroke-linecap="round"
          stroke-width="4"
          style="stroke: 138.230; stroke-dashoffset: 138.230px;"
        />
      </svg>
      <output
        class="c1"
      >
        Loading 0%
      </output>
      <br />
      Loading assets...
    </div>
  </div>
</div>
`;
