// Jest Snapshot v1, https://goo.gl/fbAQLP

exports[`Test View Footer snapshot test with no props 1`] = `
<div
  class="makeStyles-viewFooter-1"
/>
`;
