// Jest Snapshot v1, https://goo.gl/fbAQLP

exports[`test range display mode selector snapshot test 1`] = `
<div
  className="sc-iWVLQz eCHTEl makeStyles-root-1"
>
  <label
    className="sc-fFehDp jthYlw"
    htmlFor="range-display-mode-selector"
  >
    <span
      className="sc-bkkfTU bgnqzc"
    >
      Range Display Mode
    </span>
  </label>
  <select
    className="sc-fyrnIy hsTrOV"
    disabled={false}
    id="range-display-mode-selector"
    multiple={false}
    onChange={[Function]}
    value="First Step"
  >
    <option>
      First Step
    </option>
    <option>
      Last Step
    </option>
    <option>
      Max
    </option>
    <option>
      Average
    </option>
  </select>
</div>
`;
