// Jest Snapshot v1, https://goo.gl/fbAQLP

exports[`test range display mode selector snapshot test 1`] = `
.c1 {
  display: -webkit-box;
  display: -webkit-flex;
  display: -ms-flexbox;
  display: flex;
  -webkit-box-pack: justify;
  -webkit-justify-content: space-between;
  -ms-flex-pack: justify;
  justify-content: space-between;
  position: relative;
  margin: 0;
  color: rgba(0,0,0,1);
  font-family: Equinor;
  font-size: 0.750rem;
  font-weight: 500;
  line-height: 1.333em;
  text-align: left;
  margin-left: 8px;
  margin-right: 8px;
  color: #6f6f6f;
}

.c2 {
  margin: 0;
}

.c3 {
  border: none;
  border-radius: 0;
  box-shadow: inset 0 -1px 0 0 #6f6f6f;
  padding-left: 8px;
  padding-top: 6px;
  padding-right: 8px;
  padding-bottom: 6px;
  margin: 0;
  color: #6f6f6f;
  font-family: Equinor;
  font-size: 1.000rem;
  font-weight: 400;
  line-height: 1.500em;
  -webkit-letter-spacing: 0.025em;
  -moz-letter-spacing: 0.025em;
  -ms-letter-spacing: 0.025em;
  letter-spacing: 0.025em;
  text-align: left;
  padding-right: calc(8px *2 + 24px);
  display: block;
  margin: 0;
  -webkit-appearance: none;
  -moz-appearance: none;
  appearance: none;
  background-image: url("data:image/svg+xml,%3Csvg width='24' height='24' viewBox='0 0 24 24' xmlns='http://www.w3.org/2000/svg'%3E%3Cpath fill='%236f6f6f' d='M7 9.5l5 5 5-5H7z'/%3E%3C/svg%3E"), linear-gradient( to bottom, #f7f7f7 0%, #f7f7f7 100% );
  background-repeat: no-repeat,repeat;
  background-position: right 8px top 50%;
  width: 100%;
}

.c3:active,
.c3:focus {
  outline-offset: 0;
  box-shadow: none;
  outline: 2px solid #007079;
}

.c3:disabled {
  color: #bebebe;
  background-image: url("data:image/svg+xml,%3Csvg width='24' height='24' viewBox='0 0 24 24' xmlns='http://www.w3.org/2000/svg'%3E%3Cpath fill='%23bebebe' d='M7 9.5l5 5 5-5H7z'/%3E%3C/svg%3E"), linear-gradient( to bottom, #f7f7f7 0%, #f7f7f7 100% );
  cursor: not-allowed;
  box-shadow: none;
  outline: none;
}

.c3:disabled .arrow-icon {
  fill: red;
}

.c3:disabled:focus,
.c3:disabled:active {
  outline: none;
}

.c0 {
  min-width: 100px;
  width: 100%;
}

<div
  class="c0 makeStyles-root-1"
>
  <label
    class="c1"
    for="time-aggregation-selector"
  >
    <span
      class="c2"
    >
      Time Aggregation
    </span>
  </label>
  <select
    class="c3"
    id="time-aggregation-selector"
  >
    <option>
      None
    </option>
    <option>
      Max
    </option>
    <option>
      Average
    </option>
  </select>
</div>
`;
