// Jest Snapshot v1, https://goo.gl/fbAQLP

exports[`test view menu snapshot test 1`] = `
.c1 {
  display: grid;
  grid-gap: 8px;
  grid-auto-flow: column;
  -webkit-align-items: center;
  -webkit-box-align: center;
  -ms-flex-align: center;
  align-items: center;
  height: 100%;
}

.c0 {
  margin: 0;
  padding: 0;
  background: transparent;
  height: 40px;
  width: 40px;
  padding-left: 0;
  padding-right: 0;
  border: 1px solid transparent;
  border-radius: 50%;
  margin: 0;
  color: var(--eds_interactive_primary__resting,rgba(0,112,121,1));
  font-family: Equinor;
  font-size: 0.875rem;
  font-weight: 500;
  line-height: 1.143em;
  text-align: center;
  -webkit-text-decoration: none;
  text-decoration: none;
  position: relative;
  cursor: pointer;
  display: inline-block;
}

.c0 svg {
  justify-self: center;
}

.c0::after {
  position: absolute;
  top: -6px;
  left: -4px;
  width: 48px;
  height: 48px;
  content: '';
}

.c0:hover {
  background: var(--eds_interactive_primary__hover_alt,rgba(222,237,238,1));
  border: 1px solid transparent;
  border-radius: 50%;
}

.c0:focus {
  outline: none;
}

.c0[data-focus-visible-added]:focus {
  outline: 1px dashed rgba(0,112,121,1);
  outline-offset: 2px;
}

.c0::-moz-focus-inner {
  border: 0;
}

.c0:disabled {
  cursor: not-allowed;
  background: transparent;
  border: 1px solid transparent;
  margin: 0;
  color: var(--eds_interactive__disabled__text,rgba(190,190,190,1));
  font-family: Equinor;
  font-size: 0.875rem;
  font-weight: 500;
  line-height: 1.143em;
  text-align: center;
}

.c0:disabled:hover {
  background: transparent;
}

.c0::before {
  position: absolute;
  top: 0;
  left: 0;
  width: auto;
  min-height: auto;
  content: '';
}

<div>
  <button
    class="c0"
    tabindex="0"
    type="button"
  >
    <span
      class="c1"
    >
      <svg
        aria-hidden="true"
        class=""
        fill="currentColor"
        height="24px"
        viewBox="0 0 24 24"
        width="24px"
        xmlns="http://www.w3.org/2000/svg"
      >
        <path
          class=""
          clip-rule="evenodd"
          d="M3.5 18.5v-13h17v13h-17zm10-2v-9h-3v9h3zm-8-9h3v9h-3v-9zm10 9h3v-9h-3v9z"
          data-testid="eds-icon-path"
          fill-rule="evenodd"
          height="24"
        />
      </svg>
    </span>
  </button>
</div>
`;
