// Jest Snapshot v1, https://goo.gl/fbAQLP

exports[`Map and Well Log Viewer snapshot test 1`] = `
.c0 {
  display: inline-block;
  -webkit-transform: rotate(-90deg);
  -ms-transform: rotate(-90deg);
  transform: rotate(-90deg);
}

<div
  style="height: 100%; width: 100%; display: flex;"
>
  <div
    style="height: 100%; width: 70%; position: relative;"
  >
    <div>
      <div>
        <div
          id="deckgl-wrapper"
          style="position: absolute; z-index: 0; left: 0px; top: 0px; width: 100%; height: 100%;"
        >
          <canvas
            id="deckgl-overlay"
            style="left: 0px; top: 0px; width: 100%; position: absolute; height: 100%;"
          />
        </div>
        <div>
          <svg
            aria-valuemax="100"
            aria-valuemin="0"
            aria-valuenow="0"
            class="c0"
            height="48"
            preserveAspectRatio="xMidYMid meet"
            role="progressbar"
            viewBox="24 24 48 48"
            width="48"
          >
            <circle
              class=""
              cx="48"
              cy="48"
              fill="none"
              r="22"
              stroke="var(--eds_infographic_primary__moss_green_13, rgba(222, 237, 238, 1))"
              stroke-width="4"
              style="stroke: 138.230; stroke-dashoffset: 138.230px;"
            />
            <circle
              class=""
              cx="48"
              cy="48"
              fill="none"
              r="22"
              stroke="var(--eds_infographic_primary__moss_green_100, rgba(0, 112, 121, 1))"
              stroke-dasharray="138.23007675795088"
              stroke-linecap="round"
              stroke-width="4"
              style="stroke: 138.230; stroke-dashoffset: 138.230px;"
            />
          </svg>
          <br />
          Loading assets...
        </div>
      </div>
    </div>
  </div>
  <div
    style="height: 85%; width: 30%; display: flex; flex-direction: column;"
  >
    <div
      style="flex: 1 1; height: 90%; min-width: 25px; width: 100%;"
    >
      <div
        style="overflow: scroll; width: 100%; height: 100%;"
      >
        <div
          style="width: 0px;"
        >
          <div
            style="position: absolute;"
          >
            <div
              class="welllogview"
              style="width: 100%; height: 100%; display: flex; flex-direction: column;"
            >
              <div
                class="title"
              >
                <div
                  style="font-size: 16px;"
                >
                  Select a well by clicking on the map
                </div>
              </div>
              <div
                style="width: 100%; height: 100%; display: flex; flex-direction: column;"
              >
                <div
                  class="log-controller"
                >
                  <div
                    class="overlay"
                    style="width: 0px; left: 0px; overflow: hidden;"
                  >
                    <div
                      class="depth"
                      style="position: absolute; pointer-events: none; visibility: hidden;"
                    />
                    <div
                      class="rubber-band"
                      style="position: relative; pointer-events: none; height: 9px; width: 100%; visibility: hidden;"
                    >
                      <div
                        style="height: 1px; width: 100%; top: 4.5px; position: relative;"
                      />
                    </div>
                    <div
                      class="pinned"
                      style="position: absolute; pointer-events: none; height: 9px; width: 100%; left: 0px; visibility: hidden;"
                    >
                      <div
                        style="height: 1px; width: 100%; top: 4.5px; position: absolute;"
                      />
                    </div>
                    <div
                      class="wellpick"
                      style="position: absolute; pointer-events: none; height: 3px; width: 100%; left: 0px; background-color: rgba(255, 193, 0, 0.8); visibility: false;"
                    >
                      <div
                        style="position: absolute; height: 1px; width: 100%; background-color: rgba(255, 193, 0, 0.8);"
                      >
                        <table
                          style="position:relative; top:-1.5em;"
                          width="100%"
                        >
                          <tbody>
                            <tr>
                              <td
                                class="wp-title-0"
                              >
                                <span
                                  style="background-color:rgba(255,193,0,0.16)"
                                >
                                  1644
                                </span>
                              </td>
                              <td
                                class="wp-title-1"
                              >
                                <span
                                  style="background-color:rgba(255,193,0,0.16)"
                                />
                              </td>
                              <td
                                align="center"
                              >
                                <span
                                  style="background-color:rgba(255,193,0,0.16)"
                                >
                                  Hor_1
                                </span>
                              </td>
                            </tr>
                          </tbody>
                        </table>
                      </div>
                    </div>
                    <div
                      class="wellpick"
                      style="position: absolute; pointer-events: none; height: 3px; width: 100%; left: 0px; background-color: rgba(255, 120, 61, 0.8); visibility: false;"
                    >
                      <div
                        style="position: absolute; height: 1px; width: 100%; background-color: rgba(255, 120, 61, 0.8);"
                      >
                        <table
                          style="position:relative; top:-1.5em;"
                          width="100%"
                        >
                          <tbody>
                            <tr>
                              <td
                                class="wp-title-0"
                              >
                                <span
                                  style="background-color:rgba(255,120,61,0.16)"
                                >
                                  2788
                                </span>
                              </td>
                              <td
                                class="wp-title-1"
                              >
                                <span
                                  style="background-color:rgba(255,120,61,0.16)"
                                />
                              </td>
                              <td
                                align="center"
                              >
                                <span
                                  style="background-color:rgba(255,120,61,0.16)"
                                >
                                  Hor_2
                                </span>
                              </td>
                            </tr>
                          </tbody>
                        </table>
                      </div>
                    </div>
                    <div
                      class="wellpick"
                      style="position: absolute; pointer-events: none; height: 3px; width: 100%; left: 0px; background-color: rgba(255, 155, 76, 0.8); visibility: false;"
                    >
                      <div
                        style="position: absolute; height: 1px; width: 100%; background-color: rgba(255, 155, 76, 0.8);"
                      >
                        <table
                          style="position:relative; top:-1.5em;"
                          width="100%"
                        >
                          <tbody>
                            <tr>
                              <td
                                class="wp-title-0"
                              >
                                <span
                                  style="background-color:rgba(255,155,76,0.16)"
                                >
                                  3288
                                </span>
                              </td>
                              <td
                                class="wp-title-1"
                              >
                                <span
                                  style="background-color:rgba(255,155,76,0.16)"
                                />
                              </td>
                              <td
                                align="center"
                              >
                                <span
                                  style="background-color:rgba(255,155,76,0.16)"
                                >
                                  Hor_3
                                </span>
                              </td>
                            </tr>
                          </tbody>
                        </table>
                      </div>
                    </div>
                    <div
                      class="wellpick"
                      style="position: absolute; pointer-events: none; height: 3px; width: 100%; left: 0px; background-color: rgba(255, 223, 161, 0.8); visibility: false;"
                    >
                      <div
                        style="position: absolute; height: 1px; width: 100%; background-color: rgba(255, 223, 161, 0.8);"
                      >
                        <table
                          style="position:relative; top:-1.5em;"
                          width="100%"
                        >
                          <tbody>
                            <tr>
                              <td
                                class="wp-title-0"
                              >
                                <span
                                  style="background-color:rgba(255,223,161,0.16)"
                                >
                                  3611
                                </span>
                              </td>
                              <td
                                class="wp-title-1"
                              >
                                <span
                                  style="background-color:rgba(255,223,161,0.16)"
                                />
                              </td>
                              <td
                                align="center"
                              >
                                <span
                                  style="background-color:rgba(255,223,161,0.16)"
                                >
                                  Hor_4
                                </span>
                              </td>
                            </tr>
                          </tbody>
                        </table>
                      </div>
                    </div>
                    <div
                      class="wellpick"
                      style="position: absolute; pointer-events: none; height: 3px; width: 100%; left: 0px; background-color: rgba(255, 223, 161, 0.8); visibility: false;"
                    >
                      <div
                        style="position: absolute; height: 1px; width: 100%; background-color: rgba(255, 223, 161, 0.8);"
                      >
                        <table
                          style="position:relative; top:-1.5em;"
                          width="100%"
                        >
                          <tbody>
                            <tr>
                              <td
                                class="wp-title-0"
                              >
                                <span
                                  style="background-color:rgba(255,223,161,0.16)"
                                >
                                  3911
                                </span>
                              </td>
                              <td
                                class="wp-title-1"
                              >
                                <span
                                  style="background-color:rgba(255,223,161,0.16)"
                                />
                              </td>
                              <td
                                align="center"
                              >
                                <span
                                  style="background-color:rgba(255,223,161,0.16)"
                                >
                                  Hor_5
                                </span>
                              </td>
                            </tr>
                          </tbody>
                        </table>
                      </div>
                    </div>
                    <div
                      class="wellpick"
                      style="position: absolute; pointer-events: none; height: 3px; width: 100%; left: 0px; background-color: rgba(255, 223, 161, 0.8); visibility: false;"
                    >
                      <div
                        style="position: absolute; height: 1px; width: 100%; background-color: rgba(255, 223, 161, 0.8);"
                      >
                        <table
                          style="position:relative; top:-1.5em;"
                          width="100%"
                        >
                          <tbody>
                            <tr>
                              <td
                                class="wp-title-0"
                              >
                                <span
                                  style="background-color:rgba(255,223,161,0.16)"
                                >
                                  4411
                                </span>
                              </td>
                              <td
                                class="wp-title-1"
                              >
                                <span
                                  style="background-color:rgba(255,223,161,0.16)"
                                />
                              </td>
                              <td
                                align="center"
                              >
                                <span
                                  style="background-color:rgba(255,223,161,0.16)"
                                >
                                  Hor_6
                                </span>
                              </td>
                            </tr>
                          </tbody>
                        </table>
                      </div>
                    </div>
                  </div>
                </div>
              </div>
            </div>
          </div>
        </div>
      </div>
    </div>
    <div
      style="flex: 0 0 0px; display: flex; flex-direction: column; height: 100%; width: 100%;"
    >
      <div
        style="overflow-y: auto; overflow-x: hidden;"
      >
        <fieldset>
          <legend>
            Readout
          </legend>
          <table
            style="border-spacing: 0px; width: 100%;"
          >
            <tbody>
              <tr>
                <td
                  colspan="4"
                >
                   
                  <hr />
                </td>
              </tr>
            </tbody>
          </table>
        </fieldset>
      </div>
    </div>
  </div>
</div>
`;
