// Jest Snapshot v1, https://goo.gl/fbAQLP

exports[`test pagination snapshot test 1`] = `
.c0 {
  margin: 0;
  color: rgba(61,61,61,1);
  font-family: Equinor;
  font-size: 1.000rem;
  font-weight: 400;
  line-height: 1.250em;
  text-align: left;
}

<div
  class="WellPagination-root css-1yhto5y"
>
  <div
    class="WellPagination-left"
  >
    <p
      class="c0"
      style="align-self: center; min-width: 125px;"
    >
      1 - 11 of 11 items
    </p>
  </div>
  <nav
    aria-label="pagination navigation"
    class="MuiPagination-root MuiPagination-text WellPagination-right css-1oj2twp-MuiPagination-root"
  >
    <ul
      class="MuiPagination-ul css-wjh20t-MuiPagination-ul"
    >
      <li>
        <button
          aria-label="Go to previous page"
          class="MuiButtonBase-root Mui-disabled MuiPaginationItem-root MuiPaginationItem-sizeMedium MuiPaginationItem-text MuiPaginationItem-circular Mui-disabled MuiPaginationItem-previousNext css-yuzg60-MuiButtonBase-root-MuiPaginationItem-root"
          disabled=""
          tabindex="-1"
          type="button"
        >
          <svg
            aria-hidden="true"
            class="MuiSvgIcon-root MuiSvgIcon-fontSizeMedium MuiPaginationItem-icon css-g2z002-MuiSvgIcon-root-MuiPaginationItem-icon"
            data-testid="NavigateBeforeIcon"
            focusable="false"
            viewBox="0 0 24 24"
          >
            <path
              d="M15.41 7.41L14 6l-6 6 6 6 1.41-1.41L10.83 12z"
            />
          </svg>
        </button>
      </li>
      <li>
        <button
          aria-current="true"
          aria-label="page 1"
          class="MuiButtonBase-root MuiPaginationItem-root MuiPaginationItem-sizeMedium MuiPaginationItem-text MuiPaginationItem-circular Mui-selected MuiPaginationItem-page css-yuzg60-MuiButtonBase-root-MuiPaginationItem-root"
          tabindex="0"
          type="button"
        >
          1
          <span
            class="MuiTouchRipple-root css-8je8zh-MuiTouchRipple-root"
          />
        </button>
      </li>
      <li>
        <button
          aria-label="Go to next page"
          class="MuiButtonBase-root Mui-disabled MuiPaginationItem-root MuiPaginationItem-sizeMedium MuiPaginationItem-text MuiPaginationItem-circular Mui-disabled MuiPaginationItem-previousNext css-yuzg60-MuiButtonBase-root-MuiPaginationItem-root"
          disabled=""
          tabindex="-1"
          type="button"
        >
          <svg
            aria-hidden="true"
            class="MuiSvgIcon-root MuiSvgIcon-fontSizeMedium MuiPaginationItem-icon css-g2z002-MuiSvgIcon-root-MuiPaginationItem-icon"
            data-testid="NavigateNextIcon"
            focusable="false"
            viewBox="0 0 24 24"
          >
            <path
              d="M10 6L8.59 7.41 13.17 12l-4.58 4.59L10 18l6-6z"
            />
          </svg>
        </button>
      </li>
    </ul>
  </nav>
</div>
`;
