// Jest Snapshot v1, https://goo.gl/fbAQLP

exports[`Test Well Log View Component snapshot test 1`] = `
<div
  style="width: 100%; height: 100%; display: flex; flex-direction: column;"
>
  <div
    class="welllogview log-controller"
  >
    <div
      class="overlay"
      style="width: 0px; left: 0px; overflow: hidden;"
    >
      <div
        style="position: absolute; pointer-events: none; visibility: hidden; display: inline-block; padding: 2px; border-radius: 4px; text-align: right; background-color: rgba(0, 0, 0, 0.5); color: white; right: 5px; bottom: 5px;"
      />
      <div
        class="rubber-band"
        style="position: relative; pointer-events: none; height: 9px; width: 100%; background-color: rgba(255, 0, 0, 0.1); visibility: hidden;"
      >
        <div
          style="height: 1px; width: 100%; top: 4.5px; background-color: rgba(255, 0, 0, 0.7); position: relative;"
        />
      </div>
      <div
        class="pinned"
        style="position: absolute; pointer-events: none; height: 9px; width: 100%; left: 0px; background-color: rgba(0, 0, 0, 0.1); visibility: hidden;"
      >
        <div
          style="height: 1px; width: 100%; top: 4.5px; background-color: rgba(0, 255, 0, 0.7); position: absolute;"
        />
      </div>
    </div>
    <div
      class="track"
      style="display: flex; flex: 3;"
    >
      <div
        class="track-container"
      >
        <canvas
          style="position: absolute;"
        />
      </div>
    </div>
  </div>
</div>
`;
