// Jest Snapshot v1, https://goo.gl/fbAQLP

exports[`Test draw-mode menu snapshot test 1`] = `null`;
