// Jest Snapshot v1, https://goo.gl/fbAQLP

exports[`test layers settings button snapshot test 1`] = `null`;
