// Jest Snapshot v1, https://goo.gl/fbAQLP

exports[`Test Slider Input snapshot test 1`] = `
.c0 {
  display: -webkit-box;
  display: -webkit-flex;
  display: -ms-flexbox;
  display: flex;
  -webkit-box-pack: justify;
  -webkit-justify-content: space-between;
  -ms-flex-pack: justify;
  justify-content: space-between;
  position: relative;
  margin: 0;
  color: var(--eds_text__static_icons__tertiary,rgba(111,111,111,1));
  font-family: Equinor;
  font-size: 0.750rem;
  font-weight: 500;
  line-height: 1.333em;
  text-align: left;
  margin-left: 8px;
  margin-right: 8px;
  color: var(--eds_text__static_icons__tertiary,rgba(111,111,111,1));
}

.c1 {
  margin: 0;
}

.c4 {
  --val: 5000;
  --realWidth: calc(100% - 12px);
  width: -webkit-fit-content;
  width: -moz-fit-content;
  width: fit-content;
  position: relative;
  z-index: 1;
  margin: 0;
  color: var(--eds_text__static_icons__tertiary,rgba(111,111,111,1));
  font-family: Equinor;
  font-size: 0.625rem;
  font-weight: 500;
  line-height: 1.600em;
  -webkit-letter-spacing: 0.069em;
  -moz-letter-spacing: 0.069em;
  -ms-letter-spacing: 0.069em;
  letter-spacing: 0.069em;
  text-transform: uppercase;
  text-align: left;
  background: var(--eds_ui_background__default,rgba(255,255,255,1));
  padding: 0 5px;
  top: 24px;
  pointer-events: none;
  margin-left: calc((var(--val) - var(--min)) / var(--dif) * var(--realWidth));
  -webkit-transform: translate(calc(-1 * calc(var(--realWidth) / 2)));
  -ms-transform: translate(calc(-1 * calc(var(--realWidth) / 2)));
  transform: translate(calc(-1 * calc(var(--realWidth) / 2)));
  grid-row: 2;
  grid-column: 1 / -1;
}

.c3 {
  width: 100%;
  background: transparent;
  background: none;
  grid-column: 1 / -1;
  grid-row: 2;
  font: inherit;
  margin: 0;
  z-index: 2;
  outline: none;
}

.c3::-webkit-slider-runnable-track,
.c3::-webkit-slider-thumb,
.c3 {
  -webkit-appearance: none;
}

.c3::-moz-focus-outer {
  border: 0;
}

.c3[data-focus-visible-added]:focus {
  z-index: 2;
}

.c3[data-focus-visible-added]:focus::-webkit-slider-thumb {
  outline: 1px dashed var(--eds_interactive__focus,rgba(0,112,121,1));
  outline-offset: 2px;
}

.c3[data-focus-visible-added]:focus::-moz-range-thumb {
  outline: 1px dashed var(--eds_interactive__focus,rgba(0,112,121,1));
  outline-offset: 2px;
}

.c3:hover::-webkit-slider-thumb,
.c3:active::-webkit-slider-thumb {
  box-shadow: 0px 0px 0px 6px var(--eds_interactive_primary__hover_alt,rgba(222,237,238,1));
  border-color: var(--eds_interactive_primary__hover,rgba(0,79,85,1));
}

.c3:hover::-moz-range-thumb,
.c3:active::-moz-range-thumb {
  box-shadow: 0px 0px 0px 6px var(--eds_interactive_primary__hover_alt,rgba(222,237,238,1));
  border-color: var(--eds_interactive_primary__hover,rgba(0,79,85,1));
}

.c3:disabled::-webkit-slider-thumb {
  background-color: var(--eds_interactive__disabled__fill,rgba(234,234,234,1));
  border-color: var(--eds_ui_background__medium,rgba(220,220,220,1));
}

.c3:disabled::-moz-range-thumb {
  background-color: var(--eds_interactive__disabled__fill,rgba(234,234,234,1));
  border-color: var(--eds_ui_background__medium,rgba(220,220,220,1));
}

.c3:disabled:hover::-webkit-slider-thumb,
.c3:disabled:active::-webkit-slider-thumb {
  cursor: not-allowed;
  box-shadow: none;
}

.c3:disabled:hover::-moz-range-thumb,
.c3:disabled:active::-moz-range-thumb {
  cursor: not-allowed;
  box-shadow: none;
}

.c3:disabled:hover::-webkit-slider-runnable-track,
.c3:disabled:active::-webkit-slider-runnable-track {
  cursor: not-allowed;
}

.c3:disabled:hover::-moz-range-track,
.c3:disabled:active::-moz-range-track {
  cursor: not-allowed;
}

.c3:after {
  right: 0;
}

.c3::-webkit-slider-thumb {
  border: 2px solid var(--eds_interactive_primary__resting,rgba(0,112,121,1));
  border-radius: 50%;
  height: 12px;
  width: 12px;
  background: var(--eds_ui_background__default,rgba(255,255,255,1));
  cursor: pointer;
  position: relative;
  z-index: 1;
  margin-top: 6px;
}

.c3::-moz-range-thumb {
  border: 2px solid var(--eds_interactive_primary__resting,rgba(0,112,121,1));
  border-radius: 50%;
  height: 12px;
  width: 12px;
  background: var(--eds_ui_background__default,rgba(255,255,255,1));
  cursor: pointer;
  position: relative;
  z-index: 1;
  height: 8px;
  width: 8px;
}

.c3::-webkit-slider-runnable-track {
  width: 100%;
  height: 100%;
  cursor: pointer;
  background: none;
}

.c3::-moz-range-track {
  width: 100%;
  height: 100%;
  cursor: pointer;
  background: none;
}

.c2 {
  --min: 0;
  --max: 100;
  --dif: calc(var(--max) - var(--min));
  --value: 5000;
  --realWidth: calc(100% - 12px);
  display: grid;
  grid-template-rows: max-content 24px;
  grid-template-columns: 1fr 1fr;
  width: 100%;
  position: relative;
  background-image: url("data:image/svg+xml,<svg xmlns='http%3A%2F%2Fwww.w3.org%2F2000%2Fsvg'><rect x='0' y='11' fill='var(--eds_ui_background__light, rgba(247, 247, 247, 1))' width='100%' height='4' rx='2' /></svg>");background-size:cover;background-repeat:no-repeat;} .c2::after{grid-column:1 / span 2;grid-row:2;height:4px;margin-bottom:9px;-webkit-align-self:end;-ms-flex-item-align:end;align-self:end;content:'';background:var(--eds_interactive_primary__resting,rgba(0,112,121,1));} .c2::after{margin-right:calc( (var(--max) - var(--value)) / var(--dif) * var(--realWidth) );margin-left:3px;} .c2:hover:not([disabled]){background-image:url("data:image/svg+xml,<svg xmlns='http%3A%2F%2Fwww.w3.org%2F2000%2Fsvg'><rect x='0' y='11' fill='var(--eds_ui_background__medium, rgba(220, 220, 220, 1))' width='100%' height='4' rx='2' /></svg>");
}

.c2:hover:not([disabled])::after {
  background: var(--eds_interactive_primary__hover,rgba(0,79,85,1));
}

<div
  style="display: flex; justify-content: space-between;"
>
  <label
    class="c0"
    id="Opacity-slider-label"
    style="padding-top: 5px; font-size: 15px;"
  >
    <span
      class="c1"
    >
      Opacity
    </span>
  </label>
  <div
    class="c2"
    id="Opacity-slider"
    max="100"
    min="0"
    style="padding-top: 5px; padding-right: 10px; padding-bottom: 25px; width: 3rem;"
    value="5000"
  >
    <input
      aria-labelledby="Opacity-slider-label"
      class="c3"
      id="Opacity-slider-label-thumb"
      max="100"
      min="0"
      step="2"
      type="range"
      value="5000"
    />
    <output
      class="c4"
      for="Opacity-slider-label-thumb"
      value="5000"
    >
      5000
    </output>
  </div>
</div>
`;
