// Jest Snapshot v1, https://goo.gl/fbAQLP

exports[`Test Status Indicator snapshot test with no props 1`] = `<div />`;
