// Jest Snapshot v1, https://goo.gl/fbAQLP

exports[`test sorting the table snapshot test 1`] = `
.c9 {
  display: grid;
  grid-gap: 8px;
  grid-auto-flow: column;
  -webkit-align-items: center;
  -webkit-box-align: center;
  -ms-flex-align: center;
  align-items: center;
  height: 100%;
}

.c8 {
  margin: 0;
  padding: 0;
  background: transparent;
  height: 36px;
  padding-left: 16px;
  padding-right: 16px;
  border: 1px solid transparent;
  border-radius: 4px;
  margin: 0;
  color: var(--eds_interactive_primary__resting,rgba(0,112,121,1));
  font-family: Equinor;
  font-size: 0.875rem;
  font-weight: 500;
  line-height: 1.143em;
  text-align: center;
  -webkit-text-decoration: none;
  text-decoration: none;
  position: relative;
  cursor: pointer;
  display: inline-block;
}

.c8 svg {
  justify-self: center;
}

.c8::after {
  position: absolute;
  top: -6px;
  left: -0;
  width: 100%;
  height: 48px;
  content: '';
}

.c8:hover {
  background: var(--eds_interactive_primary__hover_alt,rgba(222,237,238,1));
  color: var(--eds_interactive_primary__hover,rgba(0,79,85,1));
  border: 1px solid transparent;
  border-radius: 4px;
}

.c8:focus {
  outline: none;
}

.c8[data-focus-visible-added]:focus {
  outline: 1px dashed rgba(0,112,121,1);
  outline-offset: 2px;
}

.c8::-moz-focus-inner {
  border: 0;
}

.c8:disabled {
  cursor: not-allowed;
  background: transparent;
  border: 1px solid transparent;
  margin: 0;
  color: var(--eds_interactive__disabled__text,rgba(190,190,190,1));
  font-family: Equinor;
  font-size: 0.875rem;
  font-weight: 500;
  line-height: 1.143em;
  text-align: center;
}

.c8:disabled:hover {
  background: transparent;
}

.c8::before {
  position: absolute;
  top: 0;
  left: 0;
  width: auto;
  min-height: auto;
  content: '';
}

.c10 {
  margin: 0;
  padding: 0;
  background: transparent;
  height: 40px;
  width: 40px;
  padding-left: 0;
  padding-right: 0;
  border: 1px solid transparent;
  border-radius: 50%;
  margin: 0;
  color: var(--eds_interactive_primary__resting,rgba(0,112,121,1));
  font-family: Equinor;
  font-size: 0.875rem;
  font-weight: 500;
  line-height: 1.143em;
  text-align: center;
  -webkit-text-decoration: none;
  text-decoration: none;
  position: relative;
  cursor: pointer;
  display: inline-block;
}

.c10 svg {
  justify-self: center;
}

.c10::after {
  position: absolute;
  top: -6px;
  left: -4px;
  width: 48px;
  height: 48px;
  content: '';
}

.c10:hover {
  background: var(--eds_interactive_primary__hover_alt,rgba(222,237,238,1));
  border: 1px solid transparent;
  border-radius: 50%;
}

.c10:focus {
  outline: none;
}

.c10[data-focus-visible-added]:focus {
  outline: 1px dashed rgba(0,112,121,1);
  outline-offset: 2px;
}

.c10::-moz-focus-inner {
  border: 0;
}

.c10:disabled {
  cursor: not-allowed;
  background: transparent;
  border: 1px solid transparent;
  margin: 0;
  color: var(--eds_interactive__disabled__text,rgba(190,190,190,1));
  font-family: Equinor;
  font-size: 0.875rem;
  font-weight: 500;
  line-height: 1.143em;
  text-align: center;
}

.c10:disabled:hover {
  background: transparent;
}

.c10::before {
  position: absolute;
  top: 0;
  left: 0;
  width: auto;
  min-height: auto;
  content: '';
}

.c0 {
  border-spacing: 0;
  background: var(--eds_interactive_table__cell__fill_resting,rgba(255,255,255,1));
}

.c5 {
  min-height: 48px;
  height: 48px;
  padding-left: 16px;
  padding-right: 16px;
  margin: 0;
  color: var(--eds_text__static_icons__default,rgba(61,61,61,1));
  font-family: Equinor;
  font-size: 0.875rem;
  font-weight: 500;
  line-height: 1.429em;
  text-align: left;
  border-bottom: 1px solid var(--eds_ui_background__medium,rgba(220,220,220,1));
}

.c3 {
  min-height: 48px;
  height: 48px;
  background: var(--eds_interactive_table__header__fill_resting,rgba(247,247,247,1));
  padding-left: 16px;
  padding-right: 16px;
  margin: 0;
  color: var(--eds_text__static_icons__default,rgba(61,61,61,1));
  font-family: Equinor;
  font-size: 0.875rem;
  font-weight: 700;
  line-height: 1.429em;
  text-align: left;
  border-bottom: 2px solid var(--eds_ui_background__medium,rgba(220,220,220,1));
}

.c4 {
  display: -webkit-box;
  display: -webkit-flex;
  display: -ms-flexbox;
  display: flex;
  -webkit-align-items: center;
  -webkit-box-align: center;
  -ms-flex-align: center;
  align-items: center;
}

.c1 {
  border-bottom: 2px solid var(--eds_ui_background__medium,rgba(220,220,220,1));
  background: var(--eds_interactive_table__header__fill_resting,rgba(247,247,247,1));
}

.c2:hover {
  background: var(--eds_interactive_table__cell__fill_hover,rgba(234,234,234,1));
}

.c7 {
  border: none;
  border-radius: 0;
  box-shadow: inset 0 -1px 0 0 var(--eds_text__static_icons__tertiary,rgba(111,111,111,1));
  padding-left: 8px;
  padding-top: 6px;
  padding-right: 8px;
  padding-bottom: 6px;
  margin: 0;
  color: var(--eds_text__static_icons__tertiary,rgba(111,111,111,1));
  font-family: Equinor;
  font-size: 1.000rem;
  font-weight: 400;
  line-height: 1.500em;
  -webkit-letter-spacing: 0.025em;
  -moz-letter-spacing: 0.025em;
  -ms-letter-spacing: 0.025em;
  letter-spacing: 0.025em;
  text-align: left;
  padding-right: calc(8px *2 + 24px);
  display: block;
  margin: 0;
  -webkit-appearance: none;
  -moz-appearance: none;
  appearance: none;
  background-image: url("data:image/svg+xml,%3Csvg width='24' height='24' viewBox='0 0 24 24' xmlns='http://www.w3.org/2000/svg'%3E%3Cpath fill='%236f6f6f' d='M7 9.5l5 5 5-5H7z'/%3E%3C/svg%3E"), linear-gradient( to bottom, var(--eds_ui_background__light,rgba(247,247,247,1)) 0%, var(--eds_ui_background__light,rgba(247,247,247,1)) 100% );
  background-repeat: no-repeat,repeat;
  background-position: right 8px top 50%;
  width: 100%;
}

.c7:active,
.c7:focus {
  box-shadow: none;
  outline: 2px solid var(--eds_interactive_primary__resting,rgba(0,112,121,1));
  outline-offset: 0px;
}

.c7:disabled {
  color: var(--eds_interactive__disabled__text,rgba(190,190,190,1));
  background-image: url("data:image/svg+xml,%3Csvg width='24' height='24' viewBox='0 0 24 24' xmlns='http://www.w3.org/2000/svg'%3E%3Cpath fill='%23bebebe' d='M7 9.5l5 5 5-5H7z'/%3E%3C/svg%3E"), linear-gradient( to bottom, var(--eds_ui_background__light,rgba(247,247,247,1)) 0%, var(--eds_ui_background__light,rgba(247,247,247,1)) 100% );
  cursor: not-allowed;
  box-shadow: none;
  outline: none;
}

.c7:disabled .arrow-icon {
  fill: red;
}

.c7:disabled:focus,
.c7:disabled:active {
  outline: none;
}

.c6 {
  min-width: 100px;
  width: 100%;
}

<div
  class="MuiBox-root MuiBox-root-4 makeStyles-root-1"
>
  <table
    class="c0"
  >
    <thead
      class="c1"
    >
      <tr
        class="c2"
      >
        <th
          class="c3"
        >
          <div
            class="c4"
          >
            Sort by
          </div>
        </th>
        <th
          class="c3"
        >
          <div
            class="c4"
          >
            Direction
          </div>
        </th>
        <th
          class="c3"
        >
          <div
            class="c4"
          />
        </th>
      </tr>
    </thead>
    <tbody
      class=""
    >
      <tr
        class="c2"
      >
        <td
          class="c5"
        >
          <div
            class="c6 makeStyles-select-3"
          >
            <select
              class="c7"
              id="range-display-mode-selector"
            >
              <option>
                well name
              </option>
              <option>
                stratigraphy depth
              </option>
              <option>
                earliest comp date
              </option>
              <option>
                type
              </option>
              <option>
                region
              </option>
              <option>
                user defined category
              </option>
            </select>
          </div>
        </td>
        <td
          class="c5"
        >
          <button
            aria-controls="simple-menu"
            aria-haspopup="true"
            class="c8"
            tabindex="0"
            type="button"
          >
            <span
              class="c9"
            >
              Ascending
            </span>
          </button>
        </td>
        <td
          class="c5"
        >
          <button
            aria-controls="simple-menu"
            aria-haspopup="true"
            class="c10"
            tabindex="0"
            title="Add sorting level"
            type="button"
          >
            <span
              class="c9"
            >
              <svg
                aria-hidden="true"
                class=""
                fill="currentColor"
                height="24px"
                viewBox="0 0 24 24"
                width="24px"
                xmlns="http://www.w3.org/2000/svg"
              >
                <path
                  class=""
                  clip-rule="evenodd"
                  d="M19 3H5a2 2 0 0 0-2 2v14a2 2 0 0 0 2 2h14c1.1 0 2-.9 2-2V5c0-1.1-.9-2-2-2zm0 16H5V5h14v14zm-6-2h-2v-4H7v-2h4V7h2v4h4v2h-4v4z"
                  data-testid="eds-icon-path"
                  fill-rule="evenodd"
                  height="24"
                />
              </svg>
            </span>
          </button>
        </td>
      </tr>
    </tbody>
  </table>
</div>
`;
