// Jest Snapshot v1, https://goo.gl/fbAQLP

exports[`Test scroller snapshot test 1`] = `
<div
  style="overflow: scroll; width: 100%; height: 100%;"
>
  <div>
    <div
      style="position: absolute;"
    />
  </div>
</div>
`;
