// Jest Snapshot v1, https://goo.gl/fbAQLP

exports[`Test Well Log View Component snapshot test 1`] = `
<div
  class="welllogview"
  style="flex-direction: column;"
>
  <div
    class="view"
  >
    <div
      class="container log-controller"
    >
      <div
        class="overlay"
        style="width: 0px; left: 0px; overflow: hidden;"
      >
        <div
          class="depth"
          style="position: absolute; pointer-events: none; visibility: hidden;"
        />
        <div
          class="rubber-band"
          style="position: relative; pointer-events: none; height: 9px; width: 100%; visibility: hidden;"
        >
          <div
            style="height: 1px; width: 100%; top: 4.5px; position: relative;"
          />
        </div>
        <div
          class="pinned"
          style="position: absolute; pointer-events: none; height: 9px; width: 100%; left: 0px; visibility: hidden;"
        >
          <div
            style="height: 1px; width: 100%; top: 4.5px; position: absolute;"
          />
        </div>
      </div>
      <div
        class="track"
        style="display: flex; flex: 3;"
      >
        <div
          class="track-container"
        >
          <canvas
            style="position: absolute;"
          />
        </div>
      </div>
    </div>
  </div>
</div>
`;
