// Jest Snapshot v1, https://goo.gl/fbAQLP

exports[`Test Well Log View Component with Scroller snapshot test 1`] = `
<div
  style="overflow: scroll; width: 100%; height: 100%;"
>
  <div
    style="width: 0px; height: 0px;"
  >
    <div
      style="position: absolute;"
    >
      <div
        class="welllogview"
        style="width: 100%; height: 100%; display: flex; flex-direction: column;"
      >
        <div
          style="width: 100%; height: 100%; display: flex; flex-direction: column;"
        >
          <div
            class="log-controller"
          >
            <div
              class="overlay"
              style="width: 0px; left: 0px; overflow: hidden;"
            >
              <div
                class="depth"
                style="position: absolute; pointer-events: none; visibility: hidden;"
              />
              <div
                class="rubber-band"
                style="position: relative; pointer-events: none; height: 9px; width: 100%; visibility: hidden;"
              >
                <div
                  style="height: 1px; width: 100%; top: 4.5px; position: relative;"
                />
              </div>
              <div
                class="pinned"
                style="position: absolute; pointer-events: none; height: 9px; width: 100%; left: 0px; visibility: hidden;"
              >
                <div
                  style="height: 1px; width: 100%; top: 4.5px; position: absolute;"
                />
              </div>
            </div>
            <div
              class="track"
              style="max-width: 50px; flex: 2;"
            >
              <div
                class="track-container"
              >
                <svg
                  style="position: absolute;"
                />
              </div>
            </div>
            <div
              class="track"
              style="max-width: 50px; flex: 2;"
            >
              <div
                class="track-container"
              >
                <svg
                  style="position: absolute;"
                />
              </div>
            </div>
            <div
              class="track"
              style="display: flex; flex: 3;"
            >
              <div
                class="track-container"
              >
                <canvas
                  style="position: absolute;"
                />
              </div>
            </div>
            <div
              class="track"
              style="display: flex; flex: 3;"
            >
              <div
                class="track-container"
              >
                <canvas
                  style="position: absolute;"
                />
              </div>
            </div>
            <div
              class="track"
              style="display: flex; flex: 3;"
            >
              <div
                class="track-container"
              >
                <canvas
                  style="position: absolute;"
                />
              </div>
            </div>
            <div
              class="track"
              style="display: flex; flex: 3;"
            >
              <div
                class="track-container"
              >
                <canvas
                  style="position: absolute;"
                />
              </div>
            </div>
            <div
              class="track"
              style="display: flex; flex: 3;"
            >
              <div
                class="track-container"
              >
                <canvas
                  style="position: absolute;"
                />
              </div>
            </div>
            <div
              class="track"
              style="display: none; flex: 3;"
            >
              <div
                class="track-container"
              >
                <canvas
                  style="position: absolute;"
                />
              </div>
            </div>
            <div
              class="track"
              style="display: none; flex: 3;"
            >
              <div
                class="track-container"
              >
                <canvas
                  style="position: absolute;"
                />
              </div>
            </div>
            <div
              class="track"
              style="display: none; flex: 3;"
            >
              <div
                class="track-container"
              >
                <canvas
                  style="position: absolute;"
                />
              </div>
            </div>
            <div
              class="track"
              style="display: none; flex: 3;"
            >
              <div
                class="track-container"
              >
                <canvas
                  style="position: absolute;"
                />
              </div>
            </div>
            <div
              class="track"
              style="display: none; flex: 3;"
            >
              <div
                class="track-container"
              >
                <canvas
                  style="position: absolute;"
                />
              </div>
            </div>
            <div
              class="track"
              style="display: none; flex: 3;"
            >
              <div
                class="track-container"
              >
                <canvas
                  style="position: absolute;"
                />
              </div>
            </div>
            <div
              class="track"
              style="display: none; flex: 3;"
            >
              <div
                class="track-container"
              >
                <canvas
                  style="position: absolute;"
                />
              </div>
            </div>
            <div
              class="track"
              style="display: none; flex: 3;"
            >
              <div
                class="track-container"
              >
                <canvas
                  style="position: absolute;"
                />
              </div>
            </div>
            <div
              class="track"
              style="display: none; flex: 3;"
            >
              <div
                class="track-container"
              >
                <canvas
                  style="position: absolute;"
                />
              </div>
            </div>
            <div
              class="track"
              style="display: none; flex: 3;"
            >
              <div
                class="track-container"
              >
                <canvas
                  style="position: absolute;"
                />
              </div>
            </div>
            <div
              class="track"
              style="display: none; flex: 3;"
            >
              <div
                class="track-container"
              >
                <canvas
                  style="position: absolute;"
                />
              </div>
            </div>
          </div>
        </div>
      </div>
    </div>
  </div>
</div>
`;
