// Jest Snapshot v1, https://goo.gl/fbAQLP

exports[`Test Numeric Input snapshot test 1`] = `
.c0 {
  display: -webkit-box;
  display: -webkit-flex;
  display: -ms-flexbox;
  display: flex;
  -webkit-box-pack: justify;
  -webkit-justify-content: space-between;
  -ms-flex-pack: justify;
  justify-content: space-between;
  position: relative;
  margin: 0;
  color: var(--eds_text__static_icons__tertiary,rgba(111,111,111,1));
  font-family: Equinor;
  font-size: 0.750rem;
  font-weight: 500;
  line-height: 1.333em;
  text-align: left;
  margin-left: 8px;
  margin-right: 8px;
  color: var(--eds_text__static_icons__tertiary,rgba(111,111,111,1));
}

.c1 {
  margin: 0;
}

.c2 {
  --eds-input-adornment-color: var(--eds_text__static_icons__tertiary,rgba(111,111,111,1));
  --eds-input-color: var(--eds_text__static_icons__default,rgba(61,61,61,1));
  position: relative;
  height: 36px;
  width: 100%;
  display: -webkit-box;
  display: -webkit-flex;
  display: -ms-flexbox;
  display: flex;
  -webkit-flex-direction: row;
  -ms-flex-direction: row;
  flex-direction: row;
  border: none;
  box-sizing: border-box;
  box-shadow: inset 0px -1px 0px 0px var(--eds_text__static_icons__tertiary,rgba(111,111,111,1));
  background: var(--eds-input-background,var(--eds_ui_background__light,rgba(247,247,247,1)));
  outline: 1px solid transparent;
  outline-offset: 0px;
}

.c2:focus-within {
  box-shadow: none;
  outline: 2px solid var(--eds_interactive_primary__resting,rgba(0,112,121,1));
  outline-offset: 0px;
}

.c2 > input {
  overflow: hidden;
  white-space: nowrap;
  text-overflow: ellipsis;
}

.c3 {
  width: 100%;
  border: none;
  background: transparent;
  padding-left: 8px;
  padding-top: 6px;
  padding-right: 8px;
  padding-bottom: 6px;
  font-family: Equinor;
  font-size: 1.000rem;
  font-weight: 400;
  -webkit-letter-spacing: 0.025em;
  -moz-letter-spacing: 0.025em;
  -ms-letter-spacing: 0.025em;
  letter-spacing: 0.025em;
  line-height: 1.500em;
  outline: none;
  padding-left: 8px;
  padding-right: 8px;
}

.c3::-webkit-input-placeholder {
  color: var(--eds_text__static_icons__tertiary,rgba(111,111,111,1));
}

.c3::-moz-placeholder {
  color: var(--eds_text__static_icons__tertiary,rgba(111,111,111,1));
}

.c3:-ms-input-placeholder {
  color: var(--eds_text__static_icons__tertiary,rgba(111,111,111,1));
}

.c3::placeholder {
  color: var(--eds_text__static_icons__tertiary,rgba(111,111,111,1));
}

.c3:disabled {
  color: var(--eds-input-color);
  cursor: not-allowed;
}

<div
  style="display: flex; justify-content: space-between;"
>
  <label
    class="c0"
    id="Trajectory thickness-input-label"
    style="padding-top: 5px; padding-bottom: 5px; font-size: 15px;"
  >
    <span
      class="c1"
    >
      Trajectory thickness
    </span>
  </label>
  <div
    class="c2"
    style="font-size: 15px; text-align: right; width: 3rem;"
  >
    <input
      class="c3"
      id="Trajectory thickness-input"
      min="0"
      step="1"
      style="resize: none;"
      type="number"
      value="15"
    />
  </div>
</div>
`;
