// Jest Snapshot v1, https://goo.gl/fbAQLP

exports[`Test Toggle Input snapshot test 1`] = `
.c0 {
  display: -webkit-box;
  display: -webkit-flex;
  display: -ms-flexbox;
  display: flex;
  -webkit-box-pack: justify;
  -webkit-justify-content: space-between;
  -ms-flex-pack: justify;
  justify-content: space-between;
  position: relative;
  margin: 0;
  color: var(--eds_text__static_icons__tertiary,rgba(111,111,111,1));
  font-family: Equinor;
  font-size: 0.750rem;
  font-weight: 500;
  line-height: 1.333em;
  text-align: left;
  margin-left: 8px;
  margin-right: 8px;
  color: var(--eds_text__static_icons__tertiary,rgba(111,111,111,1));
}

.c1 {
  margin: 0;
}

.c5 {
  width: 48px;
  height: 48px;
  border-radius: 50%;
  position: relative;
}

.c3 {
  border: 0;
  -webkit-clip: rect(0 0 0 0);
  clip: rect(0 0 0 0);
  height: 1px;
  margin: -1px;
  overflow: hidden;
  padding: 0;
  position: absolute;
  width: 1px;
}

.c3:focus {
  outline: none;
}

.c3[data-focus-visible-added]:focus + span :first-child {
  outline: 1px dashed var(--eds_interactive__focus,rgba(0,112,121,1));
  outline-offset: 6px;
}

.c4:checked + span > span {
  background-color: var(--eds_interactive_primary__selected_highlight,rgba(230,250,236,1));
}

.c4:checked + span > span:last-child {
  -webkit-transform: translate(135%,-50%);
  -ms-transform: translate(135%,-50%);
  transform: translate(135%,-50%);
  background-color: var(--eds_interactive_primary__resting,rgba(0,112,121,1));
}

.c7 {
  border-radius: 4px;
  border: none;
  width: 34px;
  height: 8px;
  background-color: var(--eds_ui_background__medium,rgba(220,220,220,1));
  position: absolute;
  left: 50%;
  top: 50%;
  -webkit-transform: translate(-50%,-50%);
  -ms-transform: translate(-50%,-50%);
  transform: translate(-50%,-50%);
  -webkit-transition: background 0.36s;
  transition: background 0.36s;
}

.c8 {
  background-color: var(--eds_text__static_icons__tertiary,rgba(111,111,111,1));
  box-shadow: 0 1px 5px rgba(0,0,0,0.2),0 3px 4px rgba(0,0,0,0.12),0 2px 4px rgba(0,0,0,0.14);
  width: 16px;
  height: 16px;
  border-radius: 50%;
  display: inline-block;
  position: absolute;
  top: 50%;
  -webkit-transform: translate(0,-50%);
  -ms-transform: translate(0,-50%);
  transform: translate(0,-50%);
  left: 6px;
  -webkit-transition: -webkit-transform 0.36s cubic-bezier(0.78,0.14,0.15,0.86);
  -webkit-transition: transform 0.36s cubic-bezier(0.78,0.14,0.15,0.86);
  transition: transform 0.36s cubic-bezier(0.78,0.14,0.15,0.86);
}

.c2 {
  cursor: pointer;
  border: none;
  background-color: transparent;
  vertical-align: middle;
  display: -webkit-inline-box;
  display: -webkit-inline-flex;
  display: -ms-inline-flexbox;
  display: inline-flex;
  -webkit-align-items: center;
  -webkit-box-align: center;
  -ms-flex-align: center;
  align-items: center;
  position: relative;
}

.c9 {
  margin: 0;
  color: rgba(61,61,61,1);
  font-family: Equinor;
  font-size: 1.000rem;
  font-weight: 400;
  line-height: 1.000em;
  -webkit-letter-spacing: 0.013em;
  -moz-letter-spacing: 0.013em;
  -ms-letter-spacing: 0.013em;
  letter-spacing: 0.013em;
  text-align: left;
}

@media (hover:hover) and (pointer:fine) {
  .c6:hover {
    background-color: var(--eds_interactive_primary__hover_alt,rgba(222,237,238,1));
  }

  .c6:hover > span:last-child {
    background-color: var(--eds_interactive_primary__hover,rgba(0,79,85,1));
  }
}

<div
  style="display: flex; justify-content: space-between;"
>
  <label
    class="c0"
    id="Log curves-switch-label"
    style="padding-top: 15px; font-size: 15px;"
  >
    <span
      class="c1"
    >
      Log curves
    </span>
  </label>
  <label
    class="c2"
  >
    <input
      aria-label="Log curves"
      class="c3 c4"
      id="Log curves-switch"
      style="padding-right: 10px; width: 3rem;"
      type="checkbox"
    />
    <span
      class="c5 c6"
    >
      <span
        class="c7"
      />
      <span
        class="c8"
      />
    </span>
    <span
      class="c9"
    />
  </label>
</div>
`;
