// Jest Snapshot v1, https://goo.gl/fbAQLP

exports[`Test Well Log Viewer Component snapshot test 1`] = `
<div
  style="height: 100%; width: 100%; display: flex;"
>
  <div
    style="overflow: scroll; width: 100%; height: 100%;"
  >
    <div
      style="width: 0px; height: 0px;"
    >
      <div
        style="position: absolute;"
      >
        <div
          style="width: 100%; height: 100%; display: flex; flex-direction: column;"
        >
          <div
            class="welllogview log-controller horizontal"
          >
            <div
              class="overlay"
              style="height: 0px; top: 0px; overflow: hidden;"
            >
              <div
                style="position: absolute; pointer-events: none; visibility: hidden; display: inline-block; padding: 2px; border-radius: 4px; text-align: right; background-color: rgba(0, 0, 0, 0.5); color: white; right: 5px; bottom: 5px;"
              />
              <div
                class="rubber-band"
                style="position: relative; pointer-events: none; width: 9px; height: 100%; background-color: rgba(255, 0, 0, 0.1); visibility: hidden;"
              >
                <div
                  style="width: 1px; height: 100%; left: 4.5px; background-color: rgba(255, 0, 0, 0.7); position: relative;"
                />
              </div>
              <div
                class="pinned"
                style="position: absolute; pointer-events: none; width: 9px; height: 100%; top: 0px; background-color: rgba(0, 0, 0, 0.1); visibility: hidden;"
              >
                <div
                  style="width: 1px; height: 100%; left: 4.5px; background-color: rgba(0, 255, 0, 0.7); position: absolute;"
                />
              </div>
            </div>
            <div
              class="track"
              style="max-height: 50px; flex: 2;"
            >
              <div
                class="track-container"
              >
                <svg
                  style="position: absolute;"
                />
              </div>
            </div>
            <div
              class="track"
              style="max-height: 50px; flex: 2;"
            >
              <div
                class="track-container"
              >
                <svg
                  style="position: absolute;"
                />
              </div>
            </div>
            <div
              class="track"
              style="display: flex; flex: 3;"
            >
              <div
                class="track-container"
              >
                <canvas
                  style="position: absolute;"
                />
              </div>
            </div>
            <div
              class="track"
              style="display: flex; flex: 3;"
            >
              <div
                class="track-container"
              >
                <canvas
                  style="position: absolute;"
                />
              </div>
            </div>
            <div
              class="track"
              style="display: flex; flex: 3;"
            >
              <div
                class="track-container"
              >
                <canvas
                  style="position: absolute;"
                />
              </div>
            </div>
            <div
              class="track"
              style="display: none; flex: 3;"
            >
              <div
                class="track-container"
              >
                <canvas
                  style="position: absolute;"
                />
              </div>
            </div>
            <div
              class="track"
              style="display: none; flex: 3;"
            >
              <div
                class="track-container"
              >
                <canvas
                  style="position: absolute;"
                />
              </div>
            </div>
            <div
              class="track"
              style="display: none; flex: 3;"
            >
              <div
                class="track-container"
              >
                <canvas
                  style="position: absolute;"
                />
              </div>
            </div>
            <div
              class="track"
              style="display: none; flex: 3;"
            >
              <div
                class="track-container"
              >
                <canvas
                  style="position: absolute;"
                />
              </div>
            </div>
            <div
              class="track"
              style="display: none; flex: 3;"
            >
              <div
                class="track-container"
              >
                <canvas
                  style="position: absolute;"
                />
              </div>
            </div>
            <div
              class="track"
              style="display: none; flex: 3;"
            >
              <div
                class="track-container"
              >
                <canvas
                  style="position: absolute;"
                />
              </div>
            </div>
            <div
              class="track"
              style="display: none; flex: 3;"
            >
              <div
                class="track-container"
              >
                <canvas
                  style="position: absolute;"
                />
              </div>
            </div>
            <div
              class="track"
              style="display: none; flex: 3;"
            >
              <div
                class="track-container"
              >
                <canvas
                  style="position: absolute;"
                />
              </div>
            </div>
            <div
              class="track"
              style="display: none; flex: 3;"
            >
              <div
                class="track-container"
              >
                <canvas
                  style="position: absolute;"
                />
              </div>
            </div>
            <div
              class="track"
              style="display: none; flex: 3;"
            >
              <div
                class="track-container"
              >
                <canvas
                  style="position: absolute;"
                />
              </div>
            </div>
            <div
              class="track"
              style="display: none; flex: 3;"
            >
              <div
                class="track-container"
              >
                <canvas
                  style="position: absolute;"
                />
              </div>
            </div>
            <div
              class="track"
              style="display: none; flex: 3;"
            >
              <div
                class="track-container"
              >
                <canvas
                  style="position: absolute;"
                />
              </div>
            </div>
            <div
              class="track"
              style="display: none; flex: 3;"
            >
              <div
                class="track-container"
              >
                <canvas
                  style="position: absolute;"
                />
              </div>
            </div>
          </div>
        </div>
      </div>
    </div>
  </div>
  <div
    style="display: flex; flex-direction: column; height: 100%; width: 255px; min-width: 255px; max-width: 255px;"
  >
    <div>
      <fieldset>
        <legend>
          Primary scale
        </legend>
        <div>
          <input
            checked=""
            type="radio"
            value="md"
          />
          MD
        </div>
        <div>
          <input
            type="radio"
            value="tvd"
          />
          TVD
        </div>
      </fieldset>
    </div>
    <div
      style="overflow-y: auto; overflow-x: hidden;"
    >
      <fieldset>
        <legend>
          Readout
        </legend>
        <table
          style="border-spacing: 0px; width: 100%;"
        >
          <tbody>
            <tr>
              <td
                style="color: black; font-size: small;"
              >
                ⬤
              </td>
              <td>
                DEPT
              </td>
              <td
                style="width: 90px; padding-left: 1.5em; text-align: right;"
              />
              <td
                style="padding-left: 0.5em;"
              >
                M
              </td>
            </tr>
            <tr>
              <td
                style="color: grey; font-size: small;"
              >
                ⬤
              </td>
              <td>
                DVER
              </td>
              <td
                style="width: 90px; padding-left: 1.5em; text-align: right;"
              />
              <td
                style="padding-left: 0.5em;"
              >
                M
              </td>
            </tr>
            <tr>
              <td
                colspan="4"
              >
                 
                <hr />
              </td>
            </tr>
            <tr
              style="background-color: rgb(237, 237, 237); cursor: pointer;"
            >
              <td
                style="font-size: small;"
              >
                ▼
              </td>
              <td
                colspan="3"
                style="font-size: small; font-weight: bold;"
              >
                Multiple
              </td>
            </tr>
            <tr>
              <td
                style="color: blue; font-size: small;"
              >
                ⬤
              </td>
              <td>
                MDIA
              </td>
              <td
                style="width: 90px; padding-left: 1.5em; text-align: right;"
              />
              <td
                style="padding-left: 0.5em;"
              >
                KG/L
              </td>
            </tr>
            <tr>
              <td
                style="color: green; font-size: small;"
              >
                ⬤
              </td>
              <td>
                HKLA
              </td>
              <td
                style="width: 90px; padding-left: 1.5em; text-align: right;"
              />
              <td
                style="padding-left: 0.5em;"
              >
                T
              </td>
            </tr>
            <tr
              style="background-color: rgb(237, 237, 237); cursor: pointer;"
            >
              <td
                style="font-size: small;"
              >
                ▼
              </td>
              <td
                colspan="3"
                style="font-size: small; font-weight: bold;"
              >
                Area
              </td>
            </tr>
            <tr>
              <td
                style="color: blue; font-size: small;"
              >
                ⬤
              </td>
              <td>
                HKLA
              </td>
              <td
                style="width: 90px; padding-left: 1.5em; text-align: right;"
              />
              <td
                style="padding-left: 0.5em;"
              >
                T
              </td>
            </tr>
            <tr
              style="background-color: rgb(237, 237, 237); cursor: pointer;"
            >
              <td
                style="font-size: small;"
              >
                ▼
              </td>
              <td
                colspan="3"
                style="font-size: small; font-weight: bold;"
              >
                Differential
              </td>
            </tr>
            <tr>
              <td
                style="color: blue; font-size: small;"
              >
                ⬤
              </td>
              <td>
                HKLX
              </td>
              <td
                style="width: 90px; padding-left: 1.5em; text-align: right;"
              />
              <td
                style="padding-left: 0.5em;"
              >
                T
              </td>
            </tr>
            <tr>
              <td
                style="color: orange; font-size: small;"
              >
                ⬤
              </td>
              <td>
                HKLA
              </td>
              <td
                style="width: 90px; padding-left: 1.5em; text-align: right;"
              />
              <td
                style="padding-left: 0.5em;"
              >
                T
              </td>
            </tr>
          </tbody>
        </table>
      </fieldset>
    </div>
    <br />
    <div
      style="padding-left: 10px; display: flex;"
    >
      <span>
        Zoom:
      </span>
      <span
        style="flex: 1 1 100px; padding: 0px 20px 0px 10px;"
      >
        <span
          class="MuiSlider-root MuiSlider-colorPrimary"
        >
          <span
            class="MuiSlider-rail"
          />
          <span
            class="MuiSlider-track"
            style="left: 0%; width: 0%;"
          />
          <input
            type="hidden"
            value="0"
          />
          <span
            aria-labelledby="non-linear-slider"
            aria-orientation="horizontal"
            aria-valuemax="256"
            aria-valuemin="1"
            aria-valuenow="1"
            aria-valuetext="1"
            class="MuiSlider-thumb MuiSlider-thumbColorPrimary PrivateValueLabel-thumb-1"
            data-index="0"
            role="slider"
            style="left: 0%;"
            tabindex="0"
          >
            <span
              class="PrivateValueLabel-offset-3 MuiSlider-valueLabel"
            >
              <span
                class="PrivateValueLabel-circle-4"
              >
                <span
                  class="PrivateValueLabel-label-5"
                >
                  1
                </span>
              </span>
            </span>
          </span>
        </span>
      </span>
    </div>
  </div>
</div>
`;
